hehehehhodihgjodjgogjogodfjgoheolli
